Turbo Assembler	 Version 4.1	    02/10/26 24:53:25	    Page 1
symbol.asm



      1	0000			     .model  tiny
      2	0000			     .code
      3				     org 100h
      4
      5	      =B800		     VIDEOSEG		     equ 0b800h	; assembler define
      6
      7	0100  B8 B800		     start:		     mov ax, VIDEOSEG
      8	0103  8E C0					     mov es, ax
      9
     10	0105  B0 0E					     mov al, 0eh ; print symbol	"nota"
     11	0107  B4 4D					     mov ah, 4dh ; yellow color	(better	to do constant = 4eh)
     12
     13	0109  BB 0190					     mov bx, 80d*5h ; coordinates of the centre	of 5th string
     14	010C  BA 000A					     mov dx, 10d
     15	010F  33 C9					     xor cx, cx	     ; cx = 0
     16	0111			     cycle:
     17	0111  26: 89 07					     mov es:[bx], ax ; word ptr	dont need becs all defined
     18	0114  83 C3 02					     add bx, 2h	     ; bx++
     19	0117  83 C1 01					     add cx, 1h	     ; cx++
     20	011A  3B CA					     cmp cx, dx
     21	011C  7C F3					     jl	 cycle
     22
     23	011E  B8 4C00					     mov ax, 4c00h
     24	0121  CD 21					     int 21h
     25
     26
     27				     end start
Turbo Assembler	 Version 4.1	    02/10/26 24:53:25	    Page 2
Symbol Table




Symbol Name			  Type	 Value

??DATE				  Text	 "02/10/26"
??FILENAME			  Text	 "symbol  "
??TIME				  Text	 "24:53:25"
??VERSION			  Number 040A
@32BIT				  Text	 0
@CODE				  Text	 DGROUP
@CODESIZE			  Text	 0
@CPU				  Text	 0101H
@CURSEG				  Text	 _TEXT
@DATA				  Text	 DGROUP
@DATASIZE			  Text	 0
@FILENAME			  Text	 SYMBOL
@INTERFACE			  Text	 000H
@MODEL				  Text	 1
@STACK				  Text	 DGROUP
@WORDSIZE			  Text	 2
CYCLE				  Near	 DGROUP:0111
START				  Near	 DGROUP:0100
VIDEOSEG			  Number B800

Groups & Segments		  Bit Size Align  Combine Class

DGROUP				  Group
  _DATA				  16  0000 Word	  Public  DATA
  _TEXT				  16  0123 Word	  Public  CODE
