Turbo Assembler	 Version 4.1	    02/04/26 22:33:21	    Page 1
pivo.asm



      1	0000			     .model tiny
      2	0000			     .code
      3				     org 100h
      4
      5	0100  B4 09		     start:		     mov ah, 09h
      6	0102  BA 010Cr					     mov dx, offset QelloStr
      7	0105  CD 21					     int 21h
      8	0107  B8 4C00					     mov ax, 4c00h
      9	010A  CD 21					     int 21h
     10	010C  46 45 45 44 20 50	4F+  QelloStr		     db	'FEED POLTORASHKA NOW!!!', 0dh,	0ah, '$'
     11	      4C 54 4F 52 41 53	48+
     12	      4B 41 20 4E 4F 57	21+
     13	      21 21 0D 0A 24
     14
     15
     16				     end		     start
Turbo Assembler	 Version 4.1	    02/04/26 22:33:21	    Page 2
Symbol Table




Symbol Name			  Type	 Value

??DATE				  Text	 "02/04/26"
??FILENAME			  Text	 "pivo	  "
??TIME				  Text	 "22:33:21"
??VERSION			  Number 040A
@32BIT				  Text	 0
@CODE				  Text	 DGROUP
@CODESIZE			  Text	 0
@CPU				  Text	 0101H
@CURSEG				  Text	 _TEXT
@DATA				  Text	 DGROUP
@DATASIZE			  Text	 0
@FILENAME			  Text	 PIVO
@INTERFACE			  Text	 000H
@MODEL				  Text	 1
@STACK				  Text	 DGROUP
@WORDSIZE			  Text	 2
QELLOSTR			  Byte	 DGROUP:010C
START				  Near	 DGROUP:0100

Groups & Segments		  Bit Size Align  Combine Class

DGROUP				  Group
  _DATA				  16  0000 Word	  Public  DATA
  _TEXT				  16  0126 Word	  Public  CODE
